Analysis & Synthesis report for test
Mon Jul 28 16:30:42 2025
Quartus Prime Version 20.1.1 Build 720 11/11/2020 SJ Lite Edition


---------------------
; Table of Contents ;
---------------------
  1. Legal Notice
  2. Analysis & Synthesis Summary
  3. Analysis & Synthesis Settings
  4. Parallel Compilation
  5. Analysis & Synthesis Source Files Read
  6. Analysis & Synthesis Resource Usage Summary
  7. Analysis & Synthesis Resource Utilization by Entity
  8. State Machine - |test|partition:P|state
  9. State Machine - |test|controller:C|state
 10. User-Specified and Inferred Latches
 11. Registers Removed During Synthesis
 12. General Register Statistics
 13. Multiplexer Restructuring Statistics (Restructuring Performed)
 14. Parameter Settings for User Entity Instance: Top-level Entity: |test
 15. Parameter Settings for User Entity Instance: controller:C
 16. Parameter Settings for User Entity Instance: stack:S
 17. Parameter Settings for User Entity Instance: partition:P
 18. Port Connectivity Checks: "controller:C"
 19. Post-Synthesis Netlist Statistics for Top Partition
 20. Elapsed Time Per Partition
 21. Analysis & Synthesis Messages
 22. Analysis & Synthesis Suppressed Messages



----------------
; Legal Notice ;
----------------
Copyright (C) 2020  Intel Corporation. All rights reserved.
Your use of Intel Corporation's design tools, logic functions 
and other software and tools, and any partner logic 
functions, and any output files from any of the foregoing 
(including device programming or simulation files), and any 
associated documentation or information are expressly subject 
to the terms and conditions of the Intel Program License 
Subscription Agreement, the Intel Quartus Prime License Agreement,
the Intel FPGA IP License Agreement, or other applicable license
agreement, including, without limitation, that your use is for
the sole purpose of programming logic devices manufactured by
Intel and sold by Intel or its authorized distributors.  Please
refer to the applicable agreement for further details, at
https://fpgasoftware.intel.com/eula.



+----------------------------------------------------------------------------------+
; Analysis & Synthesis Summary                                                     ;
+------------------------------------+---------------------------------------------+
; Analysis & Synthesis Status        ; Successful - Mon Jul 28 16:30:41 2025       ;
; Quartus Prime Version              ; 20.1.1 Build 720 11/11/2020 SJ Lite Edition ;
; Revision Name                      ; test                                        ;
; Top-level Entity Name              ; test                                        ;
; Family                             ; Cyclone 10 LP                               ;
; Total logic elements               ; 5,355                                       ;
;     Total combinational functions  ; 3,303                                       ;
;     Dedicated logic registers      ; 2,675                                       ;
; Total registers                    ; 2675                                        ;
; Total pins                         ; 69                                          ;
; Total virtual pins                 ; 0                                           ;
; Total memory bits                  ; 0                                           ;
; Embedded Multiplier 9-bit elements ; 0                                           ;
; Total PLLs                         ; 0                                           ;
+------------------------------------+---------------------------------------------+


+------------------------------------------------------------------------------------------------------------+
; Analysis & Synthesis Settings                                                                              ;
+------------------------------------------------------------------+--------------------+--------------------+
; Option                                                           ; Setting            ; Default Value      ;
+------------------------------------------------------------------+--------------------+--------------------+
; Device                                                           ; 10CL080ZF780I8G    ;                    ;
; Top-level entity name                                            ; test               ; test               ;
; Family name                                                      ; Cyclone 10 LP      ; Cyclone V          ;
; Use smart compilation                                            ; Off                ; Off                ;
; Enable parallel Assembler and Timing Analyzer during compilation ; On                 ; On                 ;
; Enable compact report table                                      ; Off                ; Off                ;
; Restructure Multiplexers                                         ; Auto               ; Auto               ;
; Create Debugging Nodes for IP Cores                              ; Off                ; Off                ;
; Preserve fewer node names                                        ; On                 ; On                 ;
; Intel FPGA IP Evaluation Mode                                    ; Enable             ; Enable             ;
; Verilog Version                                                  ; Verilog_2001       ; Verilog_2001       ;
; VHDL Version                                                     ; VHDL_1993          ; VHDL_1993          ;
; State Machine Processing                                         ; Auto               ; Auto               ;
; Safe State Machine                                               ; Off                ; Off                ;
; Extract Verilog State Machines                                   ; On                 ; On                 ;
; Extract VHDL State Machines                                      ; On                 ; On                 ;
; Ignore Verilog initial constructs                                ; Off                ; Off                ;
; Iteration limit for constant Verilog loops                       ; 5000               ; 5000               ;
; Iteration limit for non-constant Verilog loops                   ; 250                ; 250                ;
; Add Pass-Through Logic to Inferred RAMs                          ; On                 ; On                 ;
; Infer RAMs from Raw Logic                                        ; On                 ; On                 ;
; Parallel Synthesis                                               ; On                 ; On                 ;
; DSP Block Balancing                                              ; Auto               ; Auto               ;
; NOT Gate Push-Back                                               ; On                 ; On                 ;
; Power-Up Don't Care                                              ; On                 ; On                 ;
; Remove Redundant Logic Cells                                     ; Off                ; Off                ;
; Remove Duplicate Registers                                       ; On                 ; On                 ;
; Ignore CARRY Buffers                                             ; Off                ; Off                ;
; Ignore CASCADE Buffers                                           ; Off                ; Off                ;
; Ignore GLOBAL Buffers                                            ; Off                ; Off                ;
; Ignore ROW GLOBAL Buffers                                        ; Off                ; Off                ;
; Ignore LCELL Buffers                                             ; Off                ; Off                ;
; Ignore SOFT Buffers                                              ; On                 ; On                 ;
; Limit AHDL Integers to 32 Bits                                   ; Off                ; Off                ;
; Optimization Technique                                           ; Balanced           ; Balanced           ;
; Carry Chain Length                                               ; 70                 ; 70                 ;
; Auto Carry Chains                                                ; On                 ; On                 ;
; Auto Open-Drain Pins                                             ; On                 ; On                 ;
; Perform WYSIWYG Primitive Resynthesis                            ; Off                ; Off                ;
; Auto ROM Replacement                                             ; On                 ; On                 ;
; Auto RAM Replacement                                             ; On                 ; On                 ;
; Auto DSP Block Replacement                                       ; On                 ; On                 ;
; Auto Shift Register Replacement                                  ; Auto               ; Auto               ;
; Allow Shift Register Merging across Hierarchies                  ; Auto               ; Auto               ;
; Auto Clock Enable Replacement                                    ; On                 ; On                 ;
; Strict RAM Replacement                                           ; Off                ; Off                ;
; Allow Synchronous Control Signals                                ; On                 ; On                 ;
; Force Use of Synchronous Clear Signals                           ; Off                ; Off                ;
; Auto RAM Block Balancing                                         ; On                 ; On                 ;
; Auto RAM to Logic Cell Conversion                                ; Off                ; Off                ;
; Auto Resource Sharing                                            ; Off                ; Off                ;
; Allow Any RAM Size For Recognition                               ; Off                ; Off                ;
; Allow Any ROM Size For Recognition                               ; Off                ; Off                ;
; Allow Any Shift Register Size For Recognition                    ; Off                ; Off                ;
; Use LogicLock Constraints during Resource Balancing              ; On                 ; On                 ;
; Ignore translate_off and synthesis_off directives                ; Off                ; Off                ;
; Timing-Driven Synthesis                                          ; On                 ; On                 ;
; Report Parameter Settings                                        ; On                 ; On                 ;
; Report Source Assignments                                        ; On                 ; On                 ;
; Report Connectivity Checks                                       ; On                 ; On                 ;
; Ignore Maximum Fan-Out Assignments                               ; Off                ; Off                ;
; Synchronization Register Chain Length                            ; 2                  ; 2                  ;
; Power Optimization During Synthesis                              ; Normal compilation ; Normal compilation ;
; HDL message level                                                ; Level2             ; Level2             ;
; Suppress Register Optimization Related Messages                  ; Off                ; Off                ;
; Number of Removed Registers Reported in Synthesis Report         ; 5000               ; 5000               ;
; Number of Swept Nodes Reported in Synthesis Report               ; 5000               ; 5000               ;
; Number of Inverted Registers Reported in Synthesis Report        ; 100                ; 100                ;
; Clock MUX Protection                                             ; On                 ; On                 ;
; Auto Gated Clock Conversion                                      ; Off                ; Off                ;
; Block Design Naming                                              ; Auto               ; Auto               ;
; SDC constraint protection                                        ; Off                ; Off                ;
; Synthesis Effort                                                 ; Auto               ; Auto               ;
; Shift Register Replacement - Allow Asynchronous Clear Signal     ; On                 ; On                 ;
; Pre-Mapping Resynthesis Optimization                             ; Off                ; Off                ;
; Analysis & Synthesis Message Level                               ; Medium             ; Medium             ;
; Disable Register Merging Across Hierarchies                      ; Auto               ; Auto               ;
; Resource Aware Inference For Block RAM                           ; On                 ; On                 ;
+------------------------------------------------------------------+--------------------+--------------------+


+------------------------------------------+
; Parallel Compilation                     ;
+----------------------------+-------------+
; Processors                 ; Number      ;
+----------------------------+-------------+
; Number detected on machine ; 8           ;
; Maximum allowed            ; 4           ;
;                            ;             ;
; Average used               ; 1.03        ;
; Maximum used               ; 4           ;
;                            ;             ;
; Usage by Processor         ; % Time Used ;
;     Processor 1            ; 100.0%      ;
;     Processor 2            ;   0.9%      ;
;     Processor 3            ;   0.8%      ;
;     Processor 4            ;   0.8%      ;
+----------------------------+-------------+


+--------------------------------------------------------------------------------------------------------------------------------------------------------------+
; Analysis & Synthesis Source Files Read                                                                                                                       ;
+----------------------------------+-----------------+------------------------+----------------------------------------------------------------------+---------+
; File Name with User-Entered Path ; Used in Netlist ; File Type              ; File Name with Absolute Path                                         ; Library ;
+----------------------------------+-----------------+------------------------+----------------------------------------------------------------------+---------+
; test.v                           ; yes             ; User Verilog HDL File  ; C:/Document_forme/project_tiny/DO_TT/04_imple/test_everything/test.v ;         ;
+----------------------------------+-----------------+------------------------+----------------------------------------------------------------------+---------+


+---------------------------------------------------------+
; Analysis & Synthesis Resource Usage Summary             ;
+---------------------------------------------+-----------+
; Resource                                    ; Usage     ;
+---------------------------------------------+-----------+
; Estimated Total logic elements              ; 5,355     ;
;                                             ;           ;
; Total combinational functions               ; 3303      ;
; Logic element usage by number of LUT inputs ;           ;
;     -- 4 input functions                    ; 2662      ;
;     -- 3 input functions                    ; 448       ;
;     -- <=2 input functions                  ; 193       ;
;                                             ;           ;
; Logic elements by mode                      ;           ;
;     -- normal mode                          ; 2994      ;
;     -- arithmetic mode                      ; 309       ;
;                                             ;           ;
; Total registers                             ; 2675      ;
;     -- Dedicated logic registers            ; 2675      ;
;     -- I/O registers                        ; 0         ;
;                                             ;           ;
; I/O pins                                    ; 69        ;
;                                             ;           ;
; Embedded Multiplier 9-bit elements          ; 0         ;
;                                             ;           ;
; Maximum fan-out node                        ; clk~input ;
; Maximum fan-out                             ; 2675      ;
; Total fan-out                               ; 20767     ;
; Average fan-out                             ; 3.40      ;
+---------------------------------------------+-----------+


+----------------------------------------------------------------------------------------------------------------------------------------------------------------------------------------------------------+
; Analysis & Synthesis Resource Utilization by Entity                                                                                                                                                      ;
+----------------------------+---------------------+---------------------------+-------------+--------------+---------+-----------+------+--------------+---------------------+-------------+--------------+
; Compilation Hierarchy Node ; Combinational ALUTs ; Dedicated Logic Registers ; Memory Bits ; DSP Elements ; DSP 9x9 ; DSP 18x18 ; Pins ; Virtual Pins ; Full Hierarchy Name ; Entity Name ; Library Name ;
+----------------------------+---------------------+---------------------------+-------------+--------------+---------+-----------+------+--------------+---------------------+-------------+--------------+
; |test                      ; 3303 (0)            ; 2675 (0)                  ; 0           ; 0            ; 0       ; 0         ; 69   ; 0            ; |test               ; test        ; work         ;
;    |controller:C|          ; 287 (287)           ; 11 (11)                   ; 0           ; 0            ; 0       ; 0         ; 0    ; 0            ; |test|controller:C  ; controller  ; work         ;
;    |partition:P|           ; 1607 (1607)         ; 489 (489)                 ; 0           ; 0            ; 0       ; 0         ; 0    ; 0            ; |test|partition:P   ; partition   ; work         ;
;    |stack:S|               ; 1409 (1409)         ; 2175 (2175)               ; 0           ; 0            ; 0       ; 0         ; 0    ; 0            ; |test|stack:S       ; stack       ; work         ;
+----------------------------+---------------------+---------------------------+-------------+--------------+---------+-----------+------+--------------+---------------------+-------------+--------------+
Note: For table entries with two numbers listed, the numbers in parentheses indicate the number of resources of the given type used by the specific entity alone. The numbers listed outside of parentheses indicate the total resources of the given type used by the specific entity and all of its sub-entities in the hierarchy.


Encoding Type:  One-Hot
+--------------------------------------------------------------------------------------------------+
; State Machine - |test|partition:P|state                                                          ;
+----------+----------+----------+----------+----------+----------+----------+----------+----------+
; Name     ; state.S7 ; state.S6 ; state.S5 ; state.S4 ; state.S3 ; state.S2 ; state.S1 ; state.S0 ;
+----------+----------+----------+----------+----------+----------+----------+----------+----------+
; state.S0 ; 0        ; 0        ; 0        ; 0        ; 0        ; 0        ; 0        ; 0        ;
; state.S1 ; 0        ; 0        ; 0        ; 0        ; 0        ; 0        ; 1        ; 1        ;
; state.S2 ; 0        ; 0        ; 0        ; 0        ; 0        ; 1        ; 0        ; 1        ;
; state.S3 ; 0        ; 0        ; 0        ; 0        ; 1        ; 0        ; 0        ; 1        ;
; state.S4 ; 0        ; 0        ; 0        ; 1        ; 0        ; 0        ; 0        ; 1        ;
; state.S5 ; 0        ; 0        ; 1        ; 0        ; 0        ; 0        ; 0        ; 1        ;
; state.S6 ; 0        ; 1        ; 0        ; 0        ; 0        ; 0        ; 0        ; 1        ;
; state.S7 ; 1        ; 0        ; 0        ; 0        ; 0        ; 0        ; 0        ; 1        ;
+----------+----------+----------+----------+----------+----------+----------+----------+----------+


Encoding Type:  One-Hot
+-----------------------------------------------------------------------------------------------------------------------------------+
; State Machine - |test|controller:C|state                                                                                          ;
+----------+----------+----------+----------+----------+----------+----------+----------+----------+----------+----------+----------+
; Name     ; state.Si ; state.S9 ; state.S8 ; state.S7 ; state.S6 ; state.S5 ; state.S4 ; state.S3 ; state.S2 ; state.S1 ; state.S0 ;
+----------+----------+----------+----------+----------+----------+----------+----------+----------+----------+----------+----------+
; state.S0 ; 0        ; 0        ; 0        ; 0        ; 0        ; 0        ; 0        ; 0        ; 0        ; 0        ; 0        ;
; state.S1 ; 0        ; 0        ; 0        ; 0        ; 0        ; 0        ; 0        ; 0        ; 0        ; 1        ; 1        ;
; state.S2 ; 0        ; 0        ; 0        ; 0        ; 0        ; 0        ; 0        ; 0        ; 1        ; 0        ; 1        ;
; state.S3 ; 0        ; 0        ; 0        ; 0        ; 0        ; 0        ; 0        ; 1        ; 0        ; 0        ; 1        ;
; state.S4 ; 0        ; 0        ; 0        ; 0        ; 0        ; 0        ; 1        ; 0        ; 0        ; 0        ; 1        ;
; state.S5 ; 0        ; 0        ; 0        ; 0        ; 0        ; 1        ; 0        ; 0        ; 0        ; 0        ; 1        ;
; state.S6 ; 0        ; 0        ; 0        ; 0        ; 1        ; 0        ; 0        ; 0        ; 0        ; 0        ; 1        ;
; state.S7 ; 0        ; 0        ; 0        ; 1        ; 0        ; 0        ; 0        ; 0        ; 0        ; 0        ; 1        ;
; state.S8 ; 0        ; 0        ; 1        ; 0        ; 0        ; 0        ; 0        ; 0        ; 0        ; 0        ; 1        ;
; state.S9 ; 0        ; 1        ; 0        ; 0        ; 0        ; 0        ; 0        ; 0        ; 0        ; 0        ; 1        ;
; state.Si ; 1        ; 0        ; 0        ; 0        ; 0        ; 0        ; 0        ; 0        ; 0        ; 0        ; 1        ;
+----------+----------+----------+----------+----------+----------+----------+----------+----------+----------+----------+----------+


+--------------------------------------------------------------------------------------------------------+
; User-Specified and Inferred Latches                                                                    ;
+-----------------------------------------------------+-------------------------+------------------------+
; Latch Name                                          ; Latch Enable Signal     ; Free of Timing Hazards ;
+-----------------------------------------------------+-------------------------+------------------------+
; controller:C|Qcomp                                  ; controller:C|WideOr6    ; yes                    ;
; controller:C|init_p                                 ; controller:C|WideOr7    ; yes                    ;
; controller:C|push                                   ; controller:C|Selector75 ; yes                    ;
; controller:C|pop                                    ; controller:C|WideOr8    ; yes                    ;
; controller:C|val2[0]                                ; controller:C|Selector73 ; yes                    ;
; controller:C|val2[1]                                ; controller:C|Selector73 ; yes                    ;
; controller:C|val2[2]                                ; controller:C|Selector73 ; yes                    ;
; controller:C|val2[3]                                ; controller:C|Selector73 ; yes                    ;
; controller:C|val2[4]                                ; controller:C|Selector73 ; yes                    ;
; controller:C|val2[5]                                ; controller:C|Selector73 ; yes                    ;
; controller:C|val2[6]                                ; controller:C|Selector73 ; yes                    ;
; controller:C|val2[7]                                ; controller:C|Selector73 ; yes                    ;
; controller:C|val2[8]                                ; controller:C|Selector73 ; yes                    ;
; controller:C|val2[9]                                ; controller:C|Selector73 ; yes                    ;
; controller:C|val2[10]                               ; controller:C|Selector73 ; yes                    ;
; controller:C|val2[11]                               ; controller:C|Selector73 ; yes                    ;
; controller:C|val2[12]                               ; controller:C|Selector73 ; yes                    ;
; controller:C|val2[13]                               ; controller:C|Selector73 ; yes                    ;
; controller:C|val2[14]                               ; controller:C|Selector73 ; yes                    ;
; controller:C|val2[15]                               ; controller:C|Selector73 ; yes                    ;
; controller:C|val2[16]                               ; controller:C|Selector73 ; yes                    ;
; controller:C|val2[17]                               ; controller:C|Selector73 ; yes                    ;
; controller:C|val2[18]                               ; controller:C|Selector73 ; yes                    ;
; controller:C|val2[19]                               ; controller:C|Selector73 ; yes                    ;
; controller:C|val2[20]                               ; controller:C|Selector73 ; yes                    ;
; controller:C|val2[21]                               ; controller:C|Selector73 ; yes                    ;
; controller:C|val2[22]                               ; controller:C|Selector73 ; yes                    ;
; controller:C|val2[23]                               ; controller:C|Selector73 ; yes                    ;
; controller:C|val2[24]                               ; controller:C|Selector73 ; yes                    ;
; controller:C|val2[25]                               ; controller:C|Selector73 ; yes                    ;
; controller:C|val2[26]                               ; controller:C|Selector73 ; yes                    ;
; controller:C|val2[27]                               ; controller:C|Selector73 ; yes                    ;
; controller:C|val2[28]                               ; controller:C|Selector73 ; yes                    ;
; controller:C|val2[29]                               ; controller:C|Selector73 ; yes                    ;
; controller:C|val2[30]                               ; controller:C|Selector73 ; yes                    ;
; controller:C|val2[31]                               ; controller:C|Selector73 ; yes                    ;
; controller:C|val1[0]                                ; controller:C|Selector73 ; yes                    ;
; controller:C|val1[1]                                ; controller:C|Selector73 ; yes                    ;
; controller:C|val1[2]                                ; controller:C|Selector73 ; yes                    ;
; controller:C|val1[31]                               ; controller:C|Selector73 ; yes                    ;
; controller:C|val1[30]                               ; controller:C|Selector73 ; yes                    ;
; controller:C|val1[29]                               ; controller:C|Selector73 ; yes                    ;
; controller:C|val1[28]                               ; controller:C|Selector73 ; yes                    ;
; controller:C|val1[27]                               ; controller:C|Selector73 ; yes                    ;
; controller:C|val1[26]                               ; controller:C|Selector73 ; yes                    ;
; controller:C|val1[25]                               ; controller:C|Selector73 ; yes                    ;
; controller:C|val1[24]                               ; controller:C|Selector73 ; yes                    ;
; controller:C|val1[23]                               ; controller:C|Selector73 ; yes                    ;
; controller:C|val1[22]                               ; controller:C|Selector73 ; yes                    ;
; controller:C|val1[21]                               ; controller:C|Selector73 ; yes                    ;
; controller:C|val1[20]                               ; controller:C|Selector73 ; yes                    ;
; controller:C|val1[19]                               ; controller:C|Selector73 ; yes                    ;
; controller:C|val1[18]                               ; controller:C|Selector73 ; yes                    ;
; controller:C|val1[17]                               ; controller:C|Selector73 ; yes                    ;
; controller:C|val1[16]                               ; controller:C|Selector73 ; yes                    ;
; controller:C|val1[15]                               ; controller:C|Selector73 ; yes                    ;
; controller:C|val1[14]                               ; controller:C|Selector73 ; yes                    ;
; controller:C|val1[13]                               ; controller:C|Selector73 ; yes                    ;
; controller:C|val1[12]                               ; controller:C|Selector73 ; yes                    ;
; controller:C|val1[11]                               ; controller:C|Selector73 ; yes                    ;
; controller:C|val1[10]                               ; controller:C|Selector73 ; yes                    ;
; controller:C|val1[9]                                ; controller:C|Selector73 ; yes                    ;
; controller:C|val1[8]                                ; controller:C|Selector73 ; yes                    ;
; controller:C|val1[7]                                ; controller:C|Selector73 ; yes                    ;
; controller:C|val1[6]                                ; controller:C|Selector73 ; yes                    ;
; controller:C|val1[5]                                ; controller:C|Selector73 ; yes                    ;
; controller:C|val1[4]                                ; controller:C|Selector73 ; yes                    ;
; controller:C|val1[3]                                ; controller:C|Selector73 ; yes                    ;
; Number of user-specified and inferred latches = 68  ;                         ;                        ;
+-----------------------------------------------------+-------------------------+------------------------+
Note: All latches listed above may not be present at the end of synthesis due to various synthesis optimizations.


+------------------------------------------------------------+
; Registers Removed During Synthesis                         ;
+---------------------------------------+--------------------+
; Register name                         ; Reason for Removal ;
+---------------------------------------+--------------------+
; partition:P|state~10                  ; Lost fanout        ;
; partition:P|state~11                  ; Lost fanout        ;
; partition:P|state~12                  ; Lost fanout        ;
; partition:P|state~13                  ; Lost fanout        ;
; controller:C|state~2                  ; Lost fanout        ;
; controller:C|state~3                  ; Lost fanout        ;
; controller:C|state~4                  ; Lost fanout        ;
; controller:C|state~5                  ; Lost fanout        ;
; Total Number of Removed Registers = 8 ;                    ;
+---------------------------------------+--------------------+


+------------------------------------------------------+
; General Register Statistics                          ;
+----------------------------------------------+-------+
; Statistic                                    ; Value ;
+----------------------------------------------+-------+
; Total registers                              ; 2675  ;
; Number of registers using Synchronous Clear  ; 0     ;
; Number of registers using Synchronous Load   ; 160   ;
; Number of registers using Asynchronous Clear ; 0     ;
; Number of registers using Asynchronous Load  ; 0     ;
; Number of registers using Clock Enable       ; 2622  ;
; Number of registers using Preset             ; 0     ;
+----------------------------------------------+-------+


+---------------------------------------------------------------------------------------------------------------------------------------------+
; Multiplexer Restructuring Statistics (Restructuring Performed)                                                                              ;
+--------------------+-----------+---------------+----------------------+------------------------+------------+-------------------------------+
; Multiplexer Inputs ; Bus Width ; Baseline Area ; Area if Restructured ; Saving if Restructured ; Registered ; Example Multiplexer Output    ;
+--------------------+-----------+---------------+----------------------+------------------------+------------+-------------------------------+
; 3:1                ; 31 bits   ; 62 LEs        ; 31 LEs               ; 31 LEs                 ; Yes        ; |test|stack:S|counter[15]     ;
; 3:1                ; 32 bits   ; 64 LEs        ; 32 LEs               ; 32 LEs                 ; Yes        ; |test|partition:P|count[16]   ;
; 8:1                ; 32 bits   ; 160 LEs       ; 160 LEs              ; 0 LEs                  ; Yes        ; |test|partition:P|xout[11]    ;
; 4:1                ; 32 bits   ; 64 LEs        ; 32 LEs               ; 32 LEs                 ; Yes        ; |test|partition:P|right[27]   ;
; 4:1                ; 32 bits   ; 64 LEs        ; 32 LEs               ; 32 LEs                 ; Yes        ; |test|partition:P|left[13]    ;
; 32:1               ; 32 bits   ; 672 LEs       ; 672 LEs              ; 0 LEs                  ; Yes        ; |test|stack:S|ret1[12]        ;
; 33:1               ; 32 bits   ; 704 LEs       ; 704 LEs              ; 0 LEs                  ; Yes        ; |test|stack:S|ret2[8]         ;
; 5:1                ; 31 bits   ; 93 LEs        ; 0 LEs                ; 93 LEs                 ; Yes        ; |test|partition:P|temp[21]    ;
; 6:1                ; 32 bits   ; 128 LEs       ; 64 LEs               ; 64 LEs                 ; Yes        ; |test|partition:P|loc[3]      ;
; 6:1                ; 32 bits   ; 128 LEs       ; 64 LEs               ; 64 LEs                 ; Yes        ; |test|partition:P|vec[0][23]  ;
; 6:1                ; 32 bits   ; 128 LEs       ; 64 LEs               ; 64 LEs                 ; Yes        ; |test|partition:P|vec[1][7]   ;
; 6:1                ; 32 bits   ; 128 LEs       ; 64 LEs               ; 64 LEs                 ; Yes        ; |test|partition:P|vec[2][19]  ;
; 6:1                ; 32 bits   ; 128 LEs       ; 64 LEs               ; 64 LEs                 ; Yes        ; |test|partition:P|vec[3][5]   ;
; 6:1                ; 32 bits   ; 128 LEs       ; 64 LEs               ; 64 LEs                 ; Yes        ; |test|partition:P|vec[4][3]   ;
; 6:1                ; 32 bits   ; 128 LEs       ; 64 LEs               ; 64 LEs                 ; Yes        ; |test|partition:P|vec[5][7]   ;
; 6:1                ; 32 bits   ; 128 LEs       ; 64 LEs               ; 64 LEs                 ; Yes        ; |test|partition:P|vec[6][1]   ;
; 6:1                ; 32 bits   ; 128 LEs       ; 64 LEs               ; 64 LEs                 ; Yes        ; |test|partition:P|vec[7][23]  ;
; 8:1                ; 32 bits   ; 160 LEs       ; 160 LEs              ; 0 LEs                  ; No         ; |test|partition:P|Mux76       ;
; 8:1                ; 32 bits   ; 160 LEs       ; 160 LEs              ; 0 LEs                  ; No         ; |test|partition:P|Mux44       ;
; 8:1                ; 32 bits   ; 160 LEs       ; 160 LEs              ; 0 LEs                  ; No         ; |test|partition:P|Mux109      ;
; 3:1                ; 64 bits   ; 128 LEs       ; 128 LEs              ; 0 LEs                  ; No         ; |test|controller:C|Selector12 ;
; 9:1                ; 5 bits    ; 30 LEs        ; 25 LEs               ; 5 LEs                  ; No         ; |test|partition:P|Selector2   ;
+--------------------+-----------+---------------+----------------------+------------------------+------------+-------------------------------+


+----------------------------------------------------------------------+
; Parameter Settings for User Entity Instance: Top-level Entity: |test ;
+----------------+-------+---------------------------------------------+
; Parameter Name ; Value ; Type                                        ;
+----------------+-------+---------------------------------------------+
; N              ; 8     ; Signed Integer                              ;
+----------------+-------+---------------------------------------------+
Note: In order to hide this table in the UI and the text report file, please set the "Show Parameter Settings in Synthesis Report" option in "Analysis and Synthesis Settings -> More Settings" to "Off".


+-----------------------------------------------------------+
; Parameter Settings for User Entity Instance: controller:C ;
+----------------+-------+----------------------------------+
; Parameter Name ; Value ; Type                             ;
+----------------+-------+----------------------------------+
; S0             ; 0000  ; Unsigned Binary                  ;
; S1             ; 0001  ; Unsigned Binary                  ;
; S2             ; 0010  ; Unsigned Binary                  ;
; S3             ; 0011  ; Unsigned Binary                  ;
; S4             ; 0100  ; Unsigned Binary                  ;
; S5             ; 0101  ; Unsigned Binary                  ;
; S6             ; 0110  ; Unsigned Binary                  ;
; S7             ; 0111  ; Unsigned Binary                  ;
; S8             ; 1000  ; Unsigned Binary                  ;
; S9             ; 1001  ; Unsigned Binary                  ;
; Si             ; 1010  ; Unsigned Binary                  ;
+----------------+-------+----------------------------------+
Note: In order to hide this table in the UI and the text report file, please set the "Show Parameter Settings in Synthesis Report" option in "Analysis and Synthesis Settings -> More Settings" to "Off".


+------------------------------------------------------+
; Parameter Settings for User Entity Instance: stack:S ;
+----------------+-------+-----------------------------+
; Parameter Name ; Value ; Type                        ;
+----------------+-------+-----------------------------+
; N              ; 64    ; Signed Integer              ;
+----------------+-------+-----------------------------+
Note: In order to hide this table in the UI and the text report file, please set the "Show Parameter Settings in Synthesis Report" option in "Analysis and Synthesis Settings -> More Settings" to "Off".


+----------------------------------------------------------+
; Parameter Settings for User Entity Instance: partition:P ;
+----------------+-------+---------------------------------+
; Parameter Name ; Value ; Type                            ;
+----------------+-------+---------------------------------+
; N              ; 8     ; Signed Integer                  ;
; S0             ; 0000  ; Unsigned Binary                 ;
; S1             ; 0001  ; Unsigned Binary                 ;
; S2             ; 0010  ; Unsigned Binary                 ;
; S3             ; 0011  ; Unsigned Binary                 ;
; S4             ; 0100  ; Unsigned Binary                 ;
; S5             ; 0101  ; Unsigned Binary                 ;
; S6             ; 0110  ; Unsigned Binary                 ;
; S7             ; 0111  ; Unsigned Binary                 ;
; S8             ; 1000  ; Unsigned Binary                 ;
+----------------+-------+---------------------------------+
Note: In order to hide this table in the UI and the text report file, please set the "Show Parameter Settings in Synthesis Report" option in "Analysis and Synthesis Settings -> More Settings" to "Off".


+-----------------------------------------------+
; Port Connectivity Checks: "controller:C"      ;
+-------------+-------+----------+--------------+
; Port        ; Type  ; Severity ; Details      ;
+-------------+-------+----------+--------------+
; size[31..4] ; Input ; Info     ; Stuck at GND ;
; size[2..0]  ; Input ; Info     ; Stuck at GND ;
; size[3]     ; Input ; Info     ; Stuck at VCC ;
+-------------+-------+----------+--------------+


+-----------------------------------------------------+
; Post-Synthesis Netlist Statistics for Top Partition ;
+-----------------------+-----------------------------+
; Type                  ; Count                       ;
+-----------------------+-----------------------------+
; boundary_port         ; 69                          ;
; cycloneiii_ff         ; 2675                        ;
;     ENA               ; 2462                        ;
;     ENA SLD           ; 160                         ;
;     plain             ; 53                          ;
; cycloneiii_lcell_comb ; 3303                        ;
;     arith             ; 309                         ;
;         2 data inputs ; 156                         ;
;         3 data inputs ; 153                         ;
;     normal            ; 2994                        ;
;         1 data inputs ; 5                           ;
;         2 data inputs ; 32                          ;
;         3 data inputs ; 295                         ;
;         4 data inputs ; 2662                        ;
;                       ;                             ;
; Max LUT depth         ; 12.10                       ;
; Average LUT depth     ; 6.05                        ;
+-----------------------+-----------------------------+


+-------------------------------+
; Elapsed Time Per Partition    ;
+----------------+--------------+
; Partition Name ; Elapsed Time ;
+----------------+--------------+
; Top            ; 00:00:06     ;
+----------------+--------------+


+-------------------------------+
; Analysis & Synthesis Messages ;
+-------------------------------+
Info: *******************************************************************
Info: Running Quartus Prime Analysis & Synthesis
    Info: Version 20.1.1 Build 720 11/11/2020 SJ Lite Edition
    Info: Processing started: Mon Jul 28 16:30:27 2025
Info: Command: quartus_map --read_settings_files=on --write_settings_files=off test -c test
Warning (18236): Number of processors has not been specified which may cause overloading on shared machines.  Set the global assignment NUM_PARALLEL_PROCESSORS in your QSF to an appropriate value for best performance.
Info (20030): Parallel compilation is enabled and will use 4 of the 4 processors detected
Warning (12019): Can't analyze file -- file test.sv is missing
Info (12021): Found 4 design units, including 4 entities, in source file test.v
    Info (12023): Found entity 1: partition File: C:/Document_forme/project_tiny/DO_TT/04_imple/test_everything/test.v Line: 1
    Info (12023): Found entity 2: stack File: C:/Document_forme/project_tiny/DO_TT/04_imple/test_everything/test.v Line: 120
    Info (12023): Found entity 3: controller File: C:/Document_forme/project_tiny/DO_TT/04_imple/test_everything/test.v Line: 148
    Info (12023): Found entity 4: test File: C:/Document_forme/project_tiny/DO_TT/04_imple/test_everything/test.v Line: 239
Info (12127): Elaborating entity "test" for the top level hierarchy
Warning (10036): Verilog HDL or VHDL warning at test.v(247): object "c" assigned a value but never read File: C:/Document_forme/project_tiny/DO_TT/04_imple/test_everything/test.v Line: 247
Info (12128): Elaborating entity "controller" for hierarchy "controller:C" File: C:/Document_forme/project_tiny/DO_TT/04_imple/test_everything/test.v Line: 250
Warning (10235): Verilog HDL Always Construct warning at test.v(192): variable "size" is read inside the Always Construct but isn't in the Always Construct's Event Control File: C:/Document_forme/project_tiny/DO_TT/04_imple/test_everything/test.v Line: 192
Warning (10235): Verilog HDL Always Construct warning at test.v(218): variable "ret1" is read inside the Always Construct but isn't in the Always Construct's Event Control File: C:/Document_forme/project_tiny/DO_TT/04_imple/test_everything/test.v Line: 218
Warning (10235): Verilog HDL Always Construct warning at test.v(218): variable "loc" is read inside the Always Construct but isn't in the Always Construct's Event Control File: C:/Document_forme/project_tiny/DO_TT/04_imple/test_everything/test.v Line: 218
Warning (10235): Verilog HDL Always Construct warning at test.v(221): variable "ret1" is read inside the Always Construct but isn't in the Always Construct's Event Control File: C:/Document_forme/project_tiny/DO_TT/04_imple/test_everything/test.v Line: 221
Warning (10235): Verilog HDL Always Construct warning at test.v(222): variable "loc" is read inside the Always Construct but isn't in the Always Construct's Event Control File: C:/Document_forme/project_tiny/DO_TT/04_imple/test_everything/test.v Line: 222
Warning (10235): Verilog HDL Always Construct warning at test.v(227): variable "loc" is read inside the Always Construct but isn't in the Always Construct's Event Control File: C:/Document_forme/project_tiny/DO_TT/04_imple/test_everything/test.v Line: 227
Warning (10235): Verilog HDL Always Construct warning at test.v(227): variable "ret2" is read inside the Always Construct but isn't in the Always Construct's Event Control File: C:/Document_forme/project_tiny/DO_TT/04_imple/test_everything/test.v Line: 227
Warning (10235): Verilog HDL Always Construct warning at test.v(230): variable "loc" is read inside the Always Construct but isn't in the Always Construct's Event Control File: C:/Document_forme/project_tiny/DO_TT/04_imple/test_everything/test.v Line: 230
Warning (10235): Verilog HDL Always Construct warning at test.v(231): variable "ret2" is read inside the Always Construct but isn't in the Always Construct's Event Control File: C:/Document_forme/project_tiny/DO_TT/04_imple/test_everything/test.v Line: 231
Warning (10270): Verilog HDL Case Statement warning at test.v(187): incomplete case statement has no default case item File: C:/Document_forme/project_tiny/DO_TT/04_imple/test_everything/test.v Line: 187
Info (10264): Verilog HDL Case Statement information at test.v(187): all case item expressions in this case statement are onehot File: C:/Document_forme/project_tiny/DO_TT/04_imple/test_everything/test.v Line: 187
Warning (10240): Verilog HDL Always Construct warning at test.v(185): inferring latch(es) for variable "push", which holds its previous value in one or more paths through the always construct File: C:/Document_forme/project_tiny/DO_TT/04_imple/test_everything/test.v Line: 185
Warning (10240): Verilog HDL Always Construct warning at test.v(185): inferring latch(es) for variable "val1", which holds its previous value in one or more paths through the always construct File: C:/Document_forme/project_tiny/DO_TT/04_imple/test_everything/test.v Line: 185
Warning (10240): Verilog HDL Always Construct warning at test.v(185): inferring latch(es) for variable "val2", which holds its previous value in one or more paths through the always construct File: C:/Document_forme/project_tiny/DO_TT/04_imple/test_everything/test.v Line: 185
Warning (10240): Verilog HDL Always Construct warning at test.v(185): inferring latch(es) for variable "Qcomp", which holds its previous value in one or more paths through the always construct File: C:/Document_forme/project_tiny/DO_TT/04_imple/test_everything/test.v Line: 185
Warning (10240): Verilog HDL Always Construct warning at test.v(185): inferring latch(es) for variable "init_p", which holds its previous value in one or more paths through the always construct File: C:/Document_forme/project_tiny/DO_TT/04_imple/test_everything/test.v Line: 185
Warning (10240): Verilog HDL Always Construct warning at test.v(185): inferring latch(es) for variable "pop", which holds its previous value in one or more paths through the always construct File: C:/Document_forme/project_tiny/DO_TT/04_imple/test_everything/test.v Line: 185
Info (10041): Inferred latch for "pop" at test.v(185) File: C:/Document_forme/project_tiny/DO_TT/04_imple/test_everything/test.v Line: 185
Info (10041): Inferred latch for "init_p" at test.v(185) File: C:/Document_forme/project_tiny/DO_TT/04_imple/test_everything/test.v Line: 185
Info (10041): Inferred latch for "Qcomp" at test.v(185) File: C:/Document_forme/project_tiny/DO_TT/04_imple/test_everything/test.v Line: 185
Info (10041): Inferred latch for "val2[0]" at test.v(185) File: C:/Document_forme/project_tiny/DO_TT/04_imple/test_everything/test.v Line: 185
Info (10041): Inferred latch for "val2[1]" at test.v(185) File: C:/Document_forme/project_tiny/DO_TT/04_imple/test_everything/test.v Line: 185
Info (10041): Inferred latch for "val2[2]" at test.v(185) File: C:/Document_forme/project_tiny/DO_TT/04_imple/test_everything/test.v Line: 185
Info (10041): Inferred latch for "val2[3]" at test.v(185) File: C:/Document_forme/project_tiny/DO_TT/04_imple/test_everything/test.v Line: 185
Info (10041): Inferred latch for "val2[4]" at test.v(185) File: C:/Document_forme/project_tiny/DO_TT/04_imple/test_everything/test.v Line: 185
Info (10041): Inferred latch for "val2[5]" at test.v(185) File: C:/Document_forme/project_tiny/DO_TT/04_imple/test_everything/test.v Line: 185
Info (10041): Inferred latch for "val2[6]" at test.v(185) File: C:/Document_forme/project_tiny/DO_TT/04_imple/test_everything/test.v Line: 185
Info (10041): Inferred latch for "val2[7]" at test.v(185) File: C:/Document_forme/project_tiny/DO_TT/04_imple/test_everything/test.v Line: 185
Info (10041): Inferred latch for "val2[8]" at test.v(185) File: C:/Document_forme/project_tiny/DO_TT/04_imple/test_everything/test.v Line: 185
Info (10041): Inferred latch for "val2[9]" at test.v(185) File: C:/Document_forme/project_tiny/DO_TT/04_imple/test_everything/test.v Line: 185
Info (10041): Inferred latch for "val2[10]" at test.v(185) File: C:/Document_forme/project_tiny/DO_TT/04_imple/test_everything/test.v Line: 185
Info (10041): Inferred latch for "val2[11]" at test.v(185) File: C:/Document_forme/project_tiny/DO_TT/04_imple/test_everything/test.v Line: 185
Info (10041): Inferred latch for "val2[12]" at test.v(185) File: C:/Document_forme/project_tiny/DO_TT/04_imple/test_everything/test.v Line: 185
Info (10041): Inferred latch for "val2[13]" at test.v(185) File: C:/Document_forme/project_tiny/DO_TT/04_imple/test_everything/test.v Line: 185
Info (10041): Inferred latch for "val2[14]" at test.v(185) File: C:/Document_forme/project_tiny/DO_TT/04_imple/test_everything/test.v Line: 185
Info (10041): Inferred latch for "val2[15]" at test.v(185) File: C:/Document_forme/project_tiny/DO_TT/04_imple/test_everything/test.v Line: 185
Info (10041): Inferred latch for "val2[16]" at test.v(185) File: C:/Document_forme/project_tiny/DO_TT/04_imple/test_everything/test.v Line: 185
Info (10041): Inferred latch for "val2[17]" at test.v(185) File: C:/Document_forme/project_tiny/DO_TT/04_imple/test_everything/test.v Line: 185
Info (10041): Inferred latch for "val2[18]" at test.v(185) File: C:/Document_forme/project_tiny/DO_TT/04_imple/test_everything/test.v Line: 185
Info (10041): Inferred latch for "val2[19]" at test.v(185) File: C:/Document_forme/project_tiny/DO_TT/04_imple/test_everything/test.v Line: 185
Info (10041): Inferred latch for "val2[20]" at test.v(185) File: C:/Document_forme/project_tiny/DO_TT/04_imple/test_everything/test.v Line: 185
Info (10041): Inferred latch for "val2[21]" at test.v(185) File: C:/Document_forme/project_tiny/DO_TT/04_imple/test_everything/test.v Line: 185
Info (10041): Inferred latch for "val2[22]" at test.v(185) File: C:/Document_forme/project_tiny/DO_TT/04_imple/test_everything/test.v Line: 185
Info (10041): Inferred latch for "val2[23]" at test.v(185) File: C:/Document_forme/project_tiny/DO_TT/04_imple/test_everything/test.v Line: 185
Info (10041): Inferred latch for "val2[24]" at test.v(185) File: C:/Document_forme/project_tiny/DO_TT/04_imple/test_everything/test.v Line: 185
Info (10041): Inferred latch for "val2[25]" at test.v(185) File: C:/Document_forme/project_tiny/DO_TT/04_imple/test_everything/test.v Line: 185
Info (10041): Inferred latch for "val2[26]" at test.v(185) File: C:/Document_forme/project_tiny/DO_TT/04_imple/test_everything/test.v Line: 185
Info (10041): Inferred latch for "val2[27]" at test.v(185) File: C:/Document_forme/project_tiny/DO_TT/04_imple/test_everything/test.v Line: 185
Info (10041): Inferred latch for "val2[28]" at test.v(185) File: C:/Document_forme/project_tiny/DO_TT/04_imple/test_everything/test.v Line: 185
Info (10041): Inferred latch for "val2[29]" at test.v(185) File: C:/Document_forme/project_tiny/DO_TT/04_imple/test_everything/test.v Line: 185
Info (10041): Inferred latch for "val2[30]" at test.v(185) File: C:/Document_forme/project_tiny/DO_TT/04_imple/test_everything/test.v Line: 185
Info (10041): Inferred latch for "val2[31]" at test.v(185) File: C:/Document_forme/project_tiny/DO_TT/04_imple/test_everything/test.v Line: 185
Info (10041): Inferred latch for "val1[0]" at test.v(185) File: C:/Document_forme/project_tiny/DO_TT/04_imple/test_everything/test.v Line: 185
Info (10041): Inferred latch for "val1[1]" at test.v(185) File: C:/Document_forme/project_tiny/DO_TT/04_imple/test_everything/test.v Line: 185
Info (10041): Inferred latch for "val1[2]" at test.v(185) File: C:/Document_forme/project_tiny/DO_TT/04_imple/test_everything/test.v Line: 185
Info (10041): Inferred latch for "val1[3]" at test.v(185) File: C:/Document_forme/project_tiny/DO_TT/04_imple/test_everything/test.v Line: 185
Info (10041): Inferred latch for "val1[4]" at test.v(185) File: C:/Document_forme/project_tiny/DO_TT/04_imple/test_everything/test.v Line: 185
Info (10041): Inferred latch for "val1[5]" at test.v(185) File: C:/Document_forme/project_tiny/DO_TT/04_imple/test_everything/test.v Line: 185
Info (10041): Inferred latch for "val1[6]" at test.v(185) File: C:/Document_forme/project_tiny/DO_TT/04_imple/test_everything/test.v Line: 185
Info (10041): Inferred latch for "val1[7]" at test.v(185) File: C:/Document_forme/project_tiny/DO_TT/04_imple/test_everything/test.v Line: 185
Info (10041): Inferred latch for "val1[8]" at test.v(185) File: C:/Document_forme/project_tiny/DO_TT/04_imple/test_everything/test.v Line: 185
Info (10041): Inferred latch for "val1[9]" at test.v(185) File: C:/Document_forme/project_tiny/DO_TT/04_imple/test_everything/test.v Line: 185
Info (10041): Inferred latch for "val1[10]" at test.v(185) File: C:/Document_forme/project_tiny/DO_TT/04_imple/test_everything/test.v Line: 185
Info (10041): Inferred latch for "val1[11]" at test.v(185) File: C:/Document_forme/project_tiny/DO_TT/04_imple/test_everything/test.v Line: 185
Info (10041): Inferred latch for "val1[12]" at test.v(185) File: C:/Document_forme/project_tiny/DO_TT/04_imple/test_everything/test.v Line: 185
Info (10041): Inferred latch for "val1[13]" at test.v(185) File: C:/Document_forme/project_tiny/DO_TT/04_imple/test_everything/test.v Line: 185
Info (10041): Inferred latch for "val1[14]" at test.v(185) File: C:/Document_forme/project_tiny/DO_TT/04_imple/test_everything/test.v Line: 185
Info (10041): Inferred latch for "val1[15]" at test.v(185) File: C:/Document_forme/project_tiny/DO_TT/04_imple/test_everything/test.v Line: 185
Info (10041): Inferred latch for "val1[16]" at test.v(185) File: C:/Document_forme/project_tiny/DO_TT/04_imple/test_everything/test.v Line: 185
Info (10041): Inferred latch for "val1[17]" at test.v(185) File: C:/Document_forme/project_tiny/DO_TT/04_imple/test_everything/test.v Line: 185
Info (10041): Inferred latch for "val1[18]" at test.v(185) File: C:/Document_forme/project_tiny/DO_TT/04_imple/test_everything/test.v Line: 185
Info (10041): Inferred latch for "val1[19]" at test.v(185) File: C:/Document_forme/project_tiny/DO_TT/04_imple/test_everything/test.v Line: 185
Info (10041): Inferred latch for "val1[20]" at test.v(185) File: C:/Document_forme/project_tiny/DO_TT/04_imple/test_everything/test.v Line: 185
Info (10041): Inferred latch for "val1[21]" at test.v(185) File: C:/Document_forme/project_tiny/DO_TT/04_imple/test_everything/test.v Line: 185
Info (10041): Inferred latch for "val1[22]" at test.v(185) File: C:/Document_forme/project_tiny/DO_TT/04_imple/test_everything/test.v Line: 185
Info (10041): Inferred latch for "val1[23]" at test.v(185) File: C:/Document_forme/project_tiny/DO_TT/04_imple/test_everything/test.v Line: 185
Info (10041): Inferred latch for "val1[24]" at test.v(185) File: C:/Document_forme/project_tiny/DO_TT/04_imple/test_everything/test.v Line: 185
Info (10041): Inferred latch for "val1[25]" at test.v(185) File: C:/Document_forme/project_tiny/DO_TT/04_imple/test_everything/test.v Line: 185
Info (10041): Inferred latch for "val1[26]" at test.v(185) File: C:/Document_forme/project_tiny/DO_TT/04_imple/test_everything/test.v Line: 185
Info (10041): Inferred latch for "val1[27]" at test.v(185) File: C:/Document_forme/project_tiny/DO_TT/04_imple/test_everything/test.v Line: 185
Info (10041): Inferred latch for "val1[28]" at test.v(185) File: C:/Document_forme/project_tiny/DO_TT/04_imple/test_everything/test.v Line: 185
Info (10041): Inferred latch for "val1[29]" at test.v(185) File: C:/Document_forme/project_tiny/DO_TT/04_imple/test_everything/test.v Line: 185
Info (10041): Inferred latch for "val1[30]" at test.v(185) File: C:/Document_forme/project_tiny/DO_TT/04_imple/test_everything/test.v Line: 185
Info (10041): Inferred latch for "val1[31]" at test.v(185) File: C:/Document_forme/project_tiny/DO_TT/04_imple/test_everything/test.v Line: 185
Info (10041): Inferred latch for "push" at test.v(185) File: C:/Document_forme/project_tiny/DO_TT/04_imple/test_everything/test.v Line: 185
Info (12128): Elaborating entity "stack" for hierarchy "stack:S" File: C:/Document_forme/project_tiny/DO_TT/04_imple/test_everything/test.v Line: 251
Warning (10030): Net "counter[0]" at test.v(126) has no driver or initial value, using a default initial value '0' File: C:/Document_forme/project_tiny/DO_TT/04_imple/test_everything/test.v Line: 126
Info (12128): Elaborating entity "partition" for hierarchy "partition:P" File: C:/Document_forme/project_tiny/DO_TT/04_imple/test_everything/test.v Line: 252
Warning (10036): Verilog HDL or VHDL warning at test.v(11): object "set" assigned a value but never read File: C:/Document_forme/project_tiny/DO_TT/04_imple/test_everything/test.v Line: 11
Warning (13012): Latch controller:C|Qcomp has unsafe behavior File: C:/Document_forme/project_tiny/DO_TT/04_imple/test_everything/test.v Line: 153
    Warning (13013): Ports D and ENA on the latch are fed by the same signal controller:C|state.Si File: C:/Document_forme/project_tiny/DO_TT/04_imple/test_everything/test.v Line: 155
Warning (13012): Latch controller:C|init_p has unsafe behavior File: C:/Document_forme/project_tiny/DO_TT/04_imple/test_everything/test.v Line: 151
    Warning (13013): Ports D and ENA on the latch are fed by the same signal controller:C|state.S4 File: C:/Document_forme/project_tiny/DO_TT/04_imple/test_everything/test.v Line: 155
Warning (13012): Latch controller:C|pop has unsafe behavior File: C:/Document_forme/project_tiny/DO_TT/04_imple/test_everything/test.v Line: 151
    Warning (13013): Ports D and ENA on the latch are fed by the same signal controller:C|state.S3 File: C:/Document_forme/project_tiny/DO_TT/04_imple/test_everything/test.v Line: 155
Warning (13012): Latch controller:C|val2[0] has unsafe behavior File: C:/Document_forme/project_tiny/DO_TT/04_imple/test_everything/test.v Line: 185
    Warning (13013): Ports D and ENA on the latch are fed by the same signal controller:C|state.S7 File: C:/Document_forme/project_tiny/DO_TT/04_imple/test_everything/test.v Line: 155
Warning (13012): Latch controller:C|val2[1] has unsafe behavior File: C:/Document_forme/project_tiny/DO_TT/04_imple/test_everything/test.v Line: 185
    Warning (13013): Ports D and ENA on the latch are fed by the same signal controller:C|state.S7 File: C:/Document_forme/project_tiny/DO_TT/04_imple/test_everything/test.v Line: 155
Warning (13012): Latch controller:C|val2[2] has unsafe behavior File: C:/Document_forme/project_tiny/DO_TT/04_imple/test_everything/test.v Line: 185
    Warning (13013): Ports D and ENA on the latch are fed by the same signal controller:C|state.S7 File: C:/Document_forme/project_tiny/DO_TT/04_imple/test_everything/test.v Line: 155
Warning (13012): Latch controller:C|val2[3] has unsafe behavior File: C:/Document_forme/project_tiny/DO_TT/04_imple/test_everything/test.v Line: 185
    Warning (13013): Ports D and ENA on the latch are fed by the same signal controller:C|state.S7 File: C:/Document_forme/project_tiny/DO_TT/04_imple/test_everything/test.v Line: 155
Warning (13012): Latch controller:C|val2[4] has unsafe behavior File: C:/Document_forme/project_tiny/DO_TT/04_imple/test_everything/test.v Line: 185
    Warning (13013): Ports D and ENA on the latch are fed by the same signal controller:C|state.S7 File: C:/Document_forme/project_tiny/DO_TT/04_imple/test_everything/test.v Line: 155
Warning (13012): Latch controller:C|val2[5] has unsafe behavior File: C:/Document_forme/project_tiny/DO_TT/04_imple/test_everything/test.v Line: 185
    Warning (13013): Ports D and ENA on the latch are fed by the same signal controller:C|state.S7 File: C:/Document_forme/project_tiny/DO_TT/04_imple/test_everything/test.v Line: 155
Warning (13012): Latch controller:C|val2[6] has unsafe behavior File: C:/Document_forme/project_tiny/DO_TT/04_imple/test_everything/test.v Line: 185
    Warning (13013): Ports D and ENA on the latch are fed by the same signal controller:C|state.S7 File: C:/Document_forme/project_tiny/DO_TT/04_imple/test_everything/test.v Line: 155
Warning (13012): Latch controller:C|val2[7] has unsafe behavior File: C:/Document_forme/project_tiny/DO_TT/04_imple/test_everything/test.v Line: 185
    Warning (13013): Ports D and ENA on the latch are fed by the same signal controller:C|state.S7 File: C:/Document_forme/project_tiny/DO_TT/04_imple/test_everything/test.v Line: 155
Warning (13012): Latch controller:C|val2[8] has unsafe behavior File: C:/Document_forme/project_tiny/DO_TT/04_imple/test_everything/test.v Line: 185
    Warning (13013): Ports D and ENA on the latch are fed by the same signal controller:C|state.S7 File: C:/Document_forme/project_tiny/DO_TT/04_imple/test_everything/test.v Line: 155
Warning (13012): Latch controller:C|val2[9] has unsafe behavior File: C:/Document_forme/project_tiny/DO_TT/04_imple/test_everything/test.v Line: 185
    Warning (13013): Ports D and ENA on the latch are fed by the same signal controller:C|state.S7 File: C:/Document_forme/project_tiny/DO_TT/04_imple/test_everything/test.v Line: 155
Warning (13012): Latch controller:C|val2[10] has unsafe behavior File: C:/Document_forme/project_tiny/DO_TT/04_imple/test_everything/test.v Line: 185
    Warning (13013): Ports D and ENA on the latch are fed by the same signal controller:C|state.S7 File: C:/Document_forme/project_tiny/DO_TT/04_imple/test_everything/test.v Line: 155
Warning (13012): Latch controller:C|val2[11] has unsafe behavior File: C:/Document_forme/project_tiny/DO_TT/04_imple/test_everything/test.v Line: 185
    Warning (13013): Ports D and ENA on the latch are fed by the same signal controller:C|state.S7 File: C:/Document_forme/project_tiny/DO_TT/04_imple/test_everything/test.v Line: 155
Warning (13012): Latch controller:C|val2[12] has unsafe behavior File: C:/Document_forme/project_tiny/DO_TT/04_imple/test_everything/test.v Line: 185
    Warning (13013): Ports D and ENA on the latch are fed by the same signal controller:C|state.S7 File: C:/Document_forme/project_tiny/DO_TT/04_imple/test_everything/test.v Line: 155
Warning (13012): Latch controller:C|val2[13] has unsafe behavior File: C:/Document_forme/project_tiny/DO_TT/04_imple/test_everything/test.v Line: 185
    Warning (13013): Ports D and ENA on the latch are fed by the same signal controller:C|state.S7 File: C:/Document_forme/project_tiny/DO_TT/04_imple/test_everything/test.v Line: 155
Warning (13012): Latch controller:C|val2[14] has unsafe behavior File: C:/Document_forme/project_tiny/DO_TT/04_imple/test_everything/test.v Line: 185
    Warning (13013): Ports D and ENA on the latch are fed by the same signal controller:C|state.S7 File: C:/Document_forme/project_tiny/DO_TT/04_imple/test_everything/test.v Line: 155
Warning (13012): Latch controller:C|val2[15] has unsafe behavior File: C:/Document_forme/project_tiny/DO_TT/04_imple/test_everything/test.v Line: 185
    Warning (13013): Ports D and ENA on the latch are fed by the same signal controller:C|state.S7 File: C:/Document_forme/project_tiny/DO_TT/04_imple/test_everything/test.v Line: 155
Warning (13012): Latch controller:C|val2[16] has unsafe behavior File: C:/Document_forme/project_tiny/DO_TT/04_imple/test_everything/test.v Line: 185
    Warning (13013): Ports D and ENA on the latch are fed by the same signal controller:C|state.S7 File: C:/Document_forme/project_tiny/DO_TT/04_imple/test_everything/test.v Line: 155
Warning (13012): Latch controller:C|val2[17] has unsafe behavior File: C:/Document_forme/project_tiny/DO_TT/04_imple/test_everything/test.v Line: 185
    Warning (13013): Ports D and ENA on the latch are fed by the same signal controller:C|state.S7 File: C:/Document_forme/project_tiny/DO_TT/04_imple/test_everything/test.v Line: 155
Warning (13012): Latch controller:C|val2[18] has unsafe behavior File: C:/Document_forme/project_tiny/DO_TT/04_imple/test_everything/test.v Line: 185
    Warning (13013): Ports D and ENA on the latch are fed by the same signal controller:C|state.S7 File: C:/Document_forme/project_tiny/DO_TT/04_imple/test_everything/test.v Line: 155
Warning (13012): Latch controller:C|val2[19] has unsafe behavior File: C:/Document_forme/project_tiny/DO_TT/04_imple/test_everything/test.v Line: 185
    Warning (13013): Ports D and ENA on the latch are fed by the same signal controller:C|state.S7 File: C:/Document_forme/project_tiny/DO_TT/04_imple/test_everything/test.v Line: 155
Warning (13012): Latch controller:C|val2[20] has unsafe behavior File: C:/Document_forme/project_tiny/DO_TT/04_imple/test_everything/test.v Line: 185
    Warning (13013): Ports D and ENA on the latch are fed by the same signal controller:C|state.S7 File: C:/Document_forme/project_tiny/DO_TT/04_imple/test_everything/test.v Line: 155
Warning (13012): Latch controller:C|val2[21] has unsafe behavior File: C:/Document_forme/project_tiny/DO_TT/04_imple/test_everything/test.v Line: 185
    Warning (13013): Ports D and ENA on the latch are fed by the same signal controller:C|state.S7 File: C:/Document_forme/project_tiny/DO_TT/04_imple/test_everything/test.v Line: 155
Warning (13012): Latch controller:C|val2[22] has unsafe behavior File: C:/Document_forme/project_tiny/DO_TT/04_imple/test_everything/test.v Line: 185
    Warning (13013): Ports D and ENA on the latch are fed by the same signal controller:C|state.S7 File: C:/Document_forme/project_tiny/DO_TT/04_imple/test_everything/test.v Line: 155
Warning (13012): Latch controller:C|val2[23] has unsafe behavior File: C:/Document_forme/project_tiny/DO_TT/04_imple/test_everything/test.v Line: 185
    Warning (13013): Ports D and ENA on the latch are fed by the same signal controller:C|state.S7 File: C:/Document_forme/project_tiny/DO_TT/04_imple/test_everything/test.v Line: 155
Warning (13012): Latch controller:C|val2[24] has unsafe behavior File: C:/Document_forme/project_tiny/DO_TT/04_imple/test_everything/test.v Line: 185
    Warning (13013): Ports D and ENA on the latch are fed by the same signal controller:C|state.S7 File: C:/Document_forme/project_tiny/DO_TT/04_imple/test_everything/test.v Line: 155
Warning (13012): Latch controller:C|val2[25] has unsafe behavior File: C:/Document_forme/project_tiny/DO_TT/04_imple/test_everything/test.v Line: 185
    Warning (13013): Ports D and ENA on the latch are fed by the same signal controller:C|state.S7 File: C:/Document_forme/project_tiny/DO_TT/04_imple/test_everything/test.v Line: 155
Warning (13012): Latch controller:C|val2[26] has unsafe behavior File: C:/Document_forme/project_tiny/DO_TT/04_imple/test_everything/test.v Line: 185
    Warning (13013): Ports D and ENA on the latch are fed by the same signal controller:C|state.S7 File: C:/Document_forme/project_tiny/DO_TT/04_imple/test_everything/test.v Line: 155
Warning (13012): Latch controller:C|val2[27] has unsafe behavior File: C:/Document_forme/project_tiny/DO_TT/04_imple/test_everything/test.v Line: 185
    Warning (13013): Ports D and ENA on the latch are fed by the same signal controller:C|state.S7 File: C:/Document_forme/project_tiny/DO_TT/04_imple/test_everything/test.v Line: 155
Warning (13012): Latch controller:C|val2[28] has unsafe behavior File: C:/Document_forme/project_tiny/DO_TT/04_imple/test_everything/test.v Line: 185
    Warning (13013): Ports D and ENA on the latch are fed by the same signal controller:C|state.S7 File: C:/Document_forme/project_tiny/DO_TT/04_imple/test_everything/test.v Line: 155
Warning (13012): Latch controller:C|val2[29] has unsafe behavior File: C:/Document_forme/project_tiny/DO_TT/04_imple/test_everything/test.v Line: 185
    Warning (13013): Ports D and ENA on the latch are fed by the same signal controller:C|state.S7 File: C:/Document_forme/project_tiny/DO_TT/04_imple/test_everything/test.v Line: 155
Warning (13012): Latch controller:C|val2[30] has unsafe behavior File: C:/Document_forme/project_tiny/DO_TT/04_imple/test_everything/test.v Line: 185
    Warning (13013): Ports D and ENA on the latch are fed by the same signal controller:C|state.S7 File: C:/Document_forme/project_tiny/DO_TT/04_imple/test_everything/test.v Line: 155
Warning (13012): Latch controller:C|val2[31] has unsafe behavior File: C:/Document_forme/project_tiny/DO_TT/04_imple/test_everything/test.v Line: 185
    Warning (13013): Ports D and ENA on the latch are fed by the same signal controller:C|state.S7 File: C:/Document_forme/project_tiny/DO_TT/04_imple/test_everything/test.v Line: 155
Warning (13012): Latch controller:C|val1[0] has unsafe behavior File: C:/Document_forme/project_tiny/DO_TT/04_imple/test_everything/test.v Line: 185
    Warning (13013): Ports D and ENA on the latch are fed by the same signal controller:C|state.S7 File: C:/Document_forme/project_tiny/DO_TT/04_imple/test_everything/test.v Line: 155
Warning (13012): Latch controller:C|val1[1] has unsafe behavior File: C:/Document_forme/project_tiny/DO_TT/04_imple/test_everything/test.v Line: 185
    Warning (13013): Ports D and ENA on the latch are fed by the same signal controller:C|state.S7 File: C:/Document_forme/project_tiny/DO_TT/04_imple/test_everything/test.v Line: 155
Warning (13012): Latch controller:C|val1[2] has unsafe behavior File: C:/Document_forme/project_tiny/DO_TT/04_imple/test_everything/test.v Line: 185
    Warning (13013): Ports D and ENA on the latch are fed by the same signal controller:C|state.S7 File: C:/Document_forme/project_tiny/DO_TT/04_imple/test_everything/test.v Line: 155
Warning (13012): Latch controller:C|val1[31] has unsafe behavior File: C:/Document_forme/project_tiny/DO_TT/04_imple/test_everything/test.v Line: 185
    Warning (13013): Ports D and ENA on the latch are fed by the same signal controller:C|state.S7 File: C:/Document_forme/project_tiny/DO_TT/04_imple/test_everything/test.v Line: 155
Warning (13012): Latch controller:C|val1[30] has unsafe behavior File: C:/Document_forme/project_tiny/DO_TT/04_imple/test_everything/test.v Line: 185
    Warning (13013): Ports D and ENA on the latch are fed by the same signal controller:C|state.S7 File: C:/Document_forme/project_tiny/DO_TT/04_imple/test_everything/test.v Line: 155
Warning (13012): Latch controller:C|val1[29] has unsafe behavior File: C:/Document_forme/project_tiny/DO_TT/04_imple/test_everything/test.v Line: 185
    Warning (13013): Ports D and ENA on the latch are fed by the same signal controller:C|state.S7 File: C:/Document_forme/project_tiny/DO_TT/04_imple/test_everything/test.v Line: 155
Warning (13012): Latch controller:C|val1[28] has unsafe behavior File: C:/Document_forme/project_tiny/DO_TT/04_imple/test_everything/test.v Line: 185
    Warning (13013): Ports D and ENA on the latch are fed by the same signal controller:C|state.S7 File: C:/Document_forme/project_tiny/DO_TT/04_imple/test_everything/test.v Line: 155
Warning (13012): Latch controller:C|val1[27] has unsafe behavior File: C:/Document_forme/project_tiny/DO_TT/04_imple/test_everything/test.v Line: 185
    Warning (13013): Ports D and ENA on the latch are fed by the same signal controller:C|state.S7 File: C:/Document_forme/project_tiny/DO_TT/04_imple/test_everything/test.v Line: 155
Warning (13012): Latch controller:C|val1[26] has unsafe behavior File: C:/Document_forme/project_tiny/DO_TT/04_imple/test_everything/test.v Line: 185
    Warning (13013): Ports D and ENA on the latch are fed by the same signal controller:C|state.S7 File: C:/Document_forme/project_tiny/DO_TT/04_imple/test_everything/test.v Line: 155
Warning (13012): Latch controller:C|val1[25] has unsafe behavior File: C:/Document_forme/project_tiny/DO_TT/04_imple/test_everything/test.v Line: 185
    Warning (13013): Ports D and ENA on the latch are fed by the same signal controller:C|state.S7 File: C:/Document_forme/project_tiny/DO_TT/04_imple/test_everything/test.v Line: 155
Warning (13012): Latch controller:C|val1[24] has unsafe behavior File: C:/Document_forme/project_tiny/DO_TT/04_imple/test_everything/test.v Line: 185
    Warning (13013): Ports D and ENA on the latch are fed by the same signal controller:C|state.S7 File: C:/Document_forme/project_tiny/DO_TT/04_imple/test_everything/test.v Line: 155
Warning (13012): Latch controller:C|val1[23] has unsafe behavior File: C:/Document_forme/project_tiny/DO_TT/04_imple/test_everything/test.v Line: 185
    Warning (13013): Ports D and ENA on the latch are fed by the same signal controller:C|state.S7 File: C:/Document_forme/project_tiny/DO_TT/04_imple/test_everything/test.v Line: 155
Warning (13012): Latch controller:C|val1[22] has unsafe behavior File: C:/Document_forme/project_tiny/DO_TT/04_imple/test_everything/test.v Line: 185
    Warning (13013): Ports D and ENA on the latch are fed by the same signal controller:C|state.S7 File: C:/Document_forme/project_tiny/DO_TT/04_imple/test_everything/test.v Line: 155
Warning (13012): Latch controller:C|val1[21] has unsafe behavior File: C:/Document_forme/project_tiny/DO_TT/04_imple/test_everything/test.v Line: 185
    Warning (13013): Ports D and ENA on the latch are fed by the same signal controller:C|state.S7 File: C:/Document_forme/project_tiny/DO_TT/04_imple/test_everything/test.v Line: 155
Warning (13012): Latch controller:C|val1[20] has unsafe behavior File: C:/Document_forme/project_tiny/DO_TT/04_imple/test_everything/test.v Line: 185
    Warning (13013): Ports D and ENA on the latch are fed by the same signal controller:C|state.S7 File: C:/Document_forme/project_tiny/DO_TT/04_imple/test_everything/test.v Line: 155
Warning (13012): Latch controller:C|val1[19] has unsafe behavior File: C:/Document_forme/project_tiny/DO_TT/04_imple/test_everything/test.v Line: 185
    Warning (13013): Ports D and ENA on the latch are fed by the same signal controller:C|state.S7 File: C:/Document_forme/project_tiny/DO_TT/04_imple/test_everything/test.v Line: 155
Warning (13012): Latch controller:C|val1[18] has unsafe behavior File: C:/Document_forme/project_tiny/DO_TT/04_imple/test_everything/test.v Line: 185
    Warning (13013): Ports D and ENA on the latch are fed by the same signal controller:C|state.S7 File: C:/Document_forme/project_tiny/DO_TT/04_imple/test_everything/test.v Line: 155
Warning (13012): Latch controller:C|val1[17] has unsafe behavior File: C:/Document_forme/project_tiny/DO_TT/04_imple/test_everything/test.v Line: 185
    Warning (13013): Ports D and ENA on the latch are fed by the same signal controller:C|state.S7 File: C:/Document_forme/project_tiny/DO_TT/04_imple/test_everything/test.v Line: 155
Warning (13012): Latch controller:C|val1[16] has unsafe behavior File: C:/Document_forme/project_tiny/DO_TT/04_imple/test_everything/test.v Line: 185
    Warning (13013): Ports D and ENA on the latch are fed by the same signal controller:C|state.S7 File: C:/Document_forme/project_tiny/DO_TT/04_imple/test_everything/test.v Line: 155
Warning (13012): Latch controller:C|val1[15] has unsafe behavior File: C:/Document_forme/project_tiny/DO_TT/04_imple/test_everything/test.v Line: 185
    Warning (13013): Ports D and ENA on the latch are fed by the same signal controller:C|state.S7 File: C:/Document_forme/project_tiny/DO_TT/04_imple/test_everything/test.v Line: 155
Warning (13012): Latch controller:C|val1[14] has unsafe behavior File: C:/Document_forme/project_tiny/DO_TT/04_imple/test_everything/test.v Line: 185
    Warning (13013): Ports D and ENA on the latch are fed by the same signal controller:C|state.S7 File: C:/Document_forme/project_tiny/DO_TT/04_imple/test_everything/test.v Line: 155
Warning (13012): Latch controller:C|val1[13] has unsafe behavior File: C:/Document_forme/project_tiny/DO_TT/04_imple/test_everything/test.v Line: 185
    Warning (13013): Ports D and ENA on the latch are fed by the same signal controller:C|state.S7 File: C:/Document_forme/project_tiny/DO_TT/04_imple/test_everything/test.v Line: 155
Warning (13012): Latch controller:C|val1[12] has unsafe behavior File: C:/Document_forme/project_tiny/DO_TT/04_imple/test_everything/test.v Line: 185
    Warning (13013): Ports D and ENA on the latch are fed by the same signal controller:C|state.S7 File: C:/Document_forme/project_tiny/DO_TT/04_imple/test_everything/test.v Line: 155
Warning (13012): Latch controller:C|val1[11] has unsafe behavior File: C:/Document_forme/project_tiny/DO_TT/04_imple/test_everything/test.v Line: 185
    Warning (13013): Ports D and ENA on the latch are fed by the same signal controller:C|state.S7 File: C:/Document_forme/project_tiny/DO_TT/04_imple/test_everything/test.v Line: 155
Warning (13012): Latch controller:C|val1[10] has unsafe behavior File: C:/Document_forme/project_tiny/DO_TT/04_imple/test_everything/test.v Line: 185
    Warning (13013): Ports D and ENA on the latch are fed by the same signal controller:C|state.S7 File: C:/Document_forme/project_tiny/DO_TT/04_imple/test_everything/test.v Line: 155
Warning (13012): Latch controller:C|val1[9] has unsafe behavior File: C:/Document_forme/project_tiny/DO_TT/04_imple/test_everything/test.v Line: 185
    Warning (13013): Ports D and ENA on the latch are fed by the same signal controller:C|state.S7 File: C:/Document_forme/project_tiny/DO_TT/04_imple/test_everything/test.v Line: 155
Warning (13012): Latch controller:C|val1[8] has unsafe behavior File: C:/Document_forme/project_tiny/DO_TT/04_imple/test_everything/test.v Line: 185
    Warning (13013): Ports D and ENA on the latch are fed by the same signal controller:C|state.S7 File: C:/Document_forme/project_tiny/DO_TT/04_imple/test_everything/test.v Line: 155
Warning (13012): Latch controller:C|val1[7] has unsafe behavior File: C:/Document_forme/project_tiny/DO_TT/04_imple/test_everything/test.v Line: 185
    Warning (13013): Ports D and ENA on the latch are fed by the same signal controller:C|state.S7 File: C:/Document_forme/project_tiny/DO_TT/04_imple/test_everything/test.v Line: 155
Warning (13012): Latch controller:C|val1[6] has unsafe behavior File: C:/Document_forme/project_tiny/DO_TT/04_imple/test_everything/test.v Line: 185
    Warning (13013): Ports D and ENA on the latch are fed by the same signal controller:C|state.S7 File: C:/Document_forme/project_tiny/DO_TT/04_imple/test_everything/test.v Line: 155
Warning (13012): Latch controller:C|val1[5] has unsafe behavior File: C:/Document_forme/project_tiny/DO_TT/04_imple/test_everything/test.v Line: 185
    Warning (13013): Ports D and ENA on the latch are fed by the same signal controller:C|state.S7 File: C:/Document_forme/project_tiny/DO_TT/04_imple/test_everything/test.v Line: 155
Warning (13012): Latch controller:C|val1[4] has unsafe behavior File: C:/Document_forme/project_tiny/DO_TT/04_imple/test_everything/test.v Line: 185
    Warning (13013): Ports D and ENA on the latch are fed by the same signal controller:C|state.S7 File: C:/Document_forme/project_tiny/DO_TT/04_imple/test_everything/test.v Line: 155
Warning (13012): Latch controller:C|val1[3] has unsafe behavior File: C:/Document_forme/project_tiny/DO_TT/04_imple/test_everything/test.v Line: 185
    Warning (13013): Ports D and ENA on the latch are fed by the same signal controller:C|state.S7 File: C:/Document_forme/project_tiny/DO_TT/04_imple/test_everything/test.v Line: 155
Info (286030): Timing-Driven Synthesis is running
Info (17049): 8 registers lost all their fanouts during netlist optimizations.
Info (144001): Generated suppressed messages file C:/Document_forme/project_tiny/DO_TT/04_imple/test_everything/output_files/test.map.smsg
Info (16010): Generating hard_block partition "hard_block:auto_generated_inst"
    Info (16011): Adding 0 node(s), including 0 DDIO, 0 PLL, 0 transceiver and 0 LCELL
Info (21057): Implemented 5519 device resources after synthesis - the final resource count might be different
    Info (21058): Implemented 36 input pins
    Info (21059): Implemented 33 output pins
    Info (21061): Implemented 5450 logic cells
Info: Quartus Prime Analysis & Synthesis was successful. 0 errors, 155 warnings
    Info: Peak virtual memory: 4794 megabytes
    Info: Processing ended: Mon Jul 28 16:30:42 2025
    Info: Elapsed time: 00:00:15
    Info: Total CPU time (on all processors): 00:00:26


+------------------------------------------+
; Analysis & Synthesis Suppressed Messages ;
+------------------------------------------+
The suppressed messages can be found in C:/Document_forme/project_tiny/DO_TT/04_imple/test_everything/output_files/test.map.smsg.


