------------------------------------------------------------
Timing Analyzer Summary
------------------------------------------------------------

Type  : Slow 1000mV 100C Model Setup 'clk'
Slack : -11.819
TNS   : -20309.709

Type  : Slow 1000mV 100C Model Setup 'controller:C|state.S0'
Slack : -5.201
TNS   : -247.225

Type  : Slow 1000mV 100C Model Setup 'controller:C|state.S1'
Slack : -2.244
TNS   : -7.905

Type  : Slow 1000mV 100C Model Hold 'controller:C|state.S0'
Slack : -0.743
TNS   : -2.897

Type  : Slow 1000mV 100C Model Hold 'clk'
Slack : 0.481
TNS   : 0.000

Type  : Slow 1000mV 100C Model Hold 'controller:C|state.S1'
Slack : 0.814
TNS   : 0.000

Type  : Slow 1000mV 100C Model Minimum Pulse Width 'clk'
Slack : -3.000
TNS   : -4719.025

Type  : Slow 1000mV 100C Model Minimum Pulse Width 'controller:C|state.S0'
Slack : 0.260
TNS   : 0.000

Type  : Slow 1000mV 100C Model Minimum Pulse Width 'controller:C|state.S1'
Slack : 0.284
TNS   : 0.000

Type  : Slow 1000mV -40C Model Setup 'clk'
Slack : -11.108
TNS   : -19196.704

Type  : Slow 1000mV -40C Model Setup 'controller:C|state.S0'
Slack : -5.035
TNS   : -243.623

Type  : Slow 1000mV -40C Model Setup 'controller:C|state.S1'
Slack : -2.146
TNS   : -7.470

Type  : Slow 1000mV -40C Model Hold 'controller:C|state.S0'
Slack : -0.521
TNS   : -1.071

Type  : Slow 1000mV -40C Model Hold 'clk'
Slack : 0.459
TNS   : 0.000

Type  : Slow 1000mV -40C Model Hold 'controller:C|state.S1'
Slack : 0.837
TNS   : 0.000

Type  : Slow 1000mV -40C Model Minimum Pulse Width 'clk'
Slack : -3.000
TNS   : -4719.025

Type  : Slow 1000mV -40C Model Minimum Pulse Width 'controller:C|state.S0'
Slack : 0.193
TNS   : 0.000

Type  : Slow 1000mV -40C Model Minimum Pulse Width 'controller:C|state.S1'
Slack : 0.301
TNS   : 0.000

Type  : Fast 1000mV -40C Model Setup 'clk'
Slack : -6.059
TNS   : -10105.857

Type  : Fast 1000mV -40C Model Setup 'controller:C|state.S0'
Slack : -2.480
TNS   : -108.636

Type  : Fast 1000mV -40C Model Setup 'controller:C|state.S1'
Slack : -0.920
TNS   : -3.177

Type  : Fast 1000mV -40C Model Hold 'controller:C|state.S0'
Slack : -0.432
TNS   : -1.987

Type  : Fast 1000mV -40C Model Hold 'clk'
Slack : 0.220
TNS   : 0.000

Type  : Fast 1000mV -40C Model Hold 'controller:C|state.S1'
Slack : 0.521
TNS   : 0.000

Type  : Fast 1000mV -40C Model Minimum Pulse Width 'clk'
Slack : -3.000
TNS   : -4719.025

Type  : Fast 1000mV -40C Model Minimum Pulse Width 'controller:C|state.S0'
Slack : 0.310
TNS   : 0.000

Type  : Fast 1000mV -40C Model Minimum Pulse Width 'controller:C|state.S1'
Slack : 0.317
TNS   : 0.000

------------------------------------------------------------
